2023-05-19 16:52:32,856 | INFO | Test 0 pass
2023-05-19 16:52:32,856 | INFO | Test 1 pass
2023-05-19 16:52:32,856 | INFO | Test 2 pass
2023-05-19 16:52:32,856 | INFO | Test 3 pass
2023-05-19 16:52:32,856 | INFO | Test 4 pass
2023-05-19 16:52:32,856 | INFO | Test 5 pass
2023-05-19 16:52:32,856 | INFO | Test 6 pass
2023-05-19 16:52:32,856 | INFO | Test 7 pass
2023-05-19 16:52:32,856 | INFO | Test 8 pass
2023-05-19 16:52:32,856 | INFO | Test 9 pass
2023-05-19 16:52:32,856 | INFO | Test 10 pass
2023-05-19 16:52:32,856 | INFO | Test 11 pass
2023-05-19 16:52:32,856 | INFO | Test 12 pass
2023-05-19 16:52:32,856 | INFO | Test 13 pass
2023-05-19 16:52:32,856 | INFO | Test 14 pass
2023-05-19 16:52:32,856 | INFO | Test 15 pass
2023-05-19 16:52:32,856 | INFO | Test 16 pass
2023-05-19 16:52:32,856 | INFO | Test 17 pass
2023-05-19 16:52:32,856 | INFO | Test 18 pass
2023-05-19 16:52:32,856 | INFO | Test 19 pass
2023-05-19 16:52:32,856 | INFO | Test 20 pass
2023-05-19 16:52:32,856 | INFO | Test 21 pass
2023-05-19 16:52:32,856 | INFO | Test 22 pass
2023-05-19 16:52:32,856 | INFO | Test 23 pass
2023-05-19 16:52:32,856 | INFO | Test 24 pass
2023-05-19 16:52:32,856 | INFO | Test 25 pass
2023-05-19 16:52:32,856 | INFO | Test 26 pass
2023-05-19 16:52:32,856 | INFO | Test 27 pass
2023-05-19 16:52:32,856 | INFO | Test 28 pass
2023-05-19 16:52:32,856 | INFO | Test 29 pass
2023-05-19 16:52:32,856 | INFO | Test 30 pass
2023-05-19 16:52:32,856 | INFO | Test 31 pass
2023-05-19 16:52:32,857 | INFO | Test 32 pass
2023-05-19 16:52:32,857 | INFO | Test 33 pass
2023-05-19 16:52:32,857 | INFO | Test 34 pass
2023-05-19 16:52:32,857 | INFO | Test 35 pass
2023-05-19 16:52:32,857 | INFO | Test 36 pass
2023-05-19 16:52:32,857 | INFO | Test 37 pass
2023-05-19 16:52:32,857 | INFO | Test 38 pass
2023-05-19 16:52:32,857 | INFO | Test 39 pass
2023-05-19 16:52:32,857 | INFO | Test 40 pass
2023-05-19 16:52:32,857 | INFO | Test 41 pass
2023-05-19 16:52:32,857 | INFO | Test 42 pass
2023-05-19 16:52:32,857 | INFO | Test 43 pass
2023-05-19 16:52:32,857 | INFO | Test 44 pass
2023-05-19 16:52:32,857 | INFO | Test 45 pass
2023-05-19 16:52:32,857 | INFO | Test 46 pass
2023-05-19 16:52:32,857 | INFO | Test 47 pass
2023-05-19 16:52:32,857 | INFO | Test 48 pass
2023-05-19 16:52:32,857 | INFO | Test 49 pass
2023-05-19 16:52:32,857 | INFO | Test 50 pass
2023-05-19 16:52:32,857 | INFO | Test 51 pass
2023-05-19 16:52:32,857 | INFO | Test 52 pass
2023-05-19 16:52:32,857 | INFO | Test 53 pass
2023-05-19 16:52:32,857 | INFO | Test 54 pass
2023-05-19 16:52:32,857 | INFO | Test 55 pass
2023-05-19 16:52:32,857 | INFO | Test 56 pass
2023-05-19 16:52:32,857 | INFO | Test 57 pass
2023-05-19 16:52:32,857 | INFO | Test 58 pass
2023-05-19 16:52:32,857 | INFO | Test 59 pass
2023-05-19 16:52:32,857 | INFO | Test 60 pass
2023-05-19 16:52:32,857 | INFO | Test 61 pass
2023-05-19 16:52:32,857 | INFO | Test 62 pass
2023-05-19 16:52:32,857 | INFO | Test 63 pass
2023-05-19 16:52:32,857 | INFO | Test 64 pass
2023-05-19 16:52:32,857 | INFO | Test 65 pass
2023-05-19 16:52:32,857 | INFO | Test 66 pass
2023-05-19 16:52:32,857 | INFO | Test 67 pass
2023-05-19 16:52:32,857 | INFO | Test 68 pass
2023-05-19 16:52:32,857 | INFO | Test 69 pass
2023-05-19 16:52:32,857 | INFO | Test 70 pass
2023-05-19 16:52:32,857 | INFO | Test 71 pass
2023-05-19 16:52:32,857 | INFO | Test 72 pass
2023-05-19 16:52:32,857 | INFO | Test 73 pass
2023-05-19 16:52:32,857 | INFO | Test 74 pass
2023-05-19 16:52:32,857 | INFO | Test 75 pass
2023-05-19 16:52:32,857 | INFO | Test 76 pass
2023-05-19 16:52:32,857 | INFO | Test 77 pass
2023-05-19 16:52:32,857 | INFO | Test 78 pass
2023-05-19 16:52:32,857 | INFO | Test 79 pass
2023-05-19 16:52:32,858 | INFO | Test 80 pass
2023-05-19 16:52:32,858 | INFO | Test 81 pass
2023-05-19 16:52:32,858 | INFO | Test 82 pass
2023-05-19 16:52:32,858 | INFO | Test 83 pass
2023-05-19 16:52:32,858 | INFO | Test 84 pass
2023-05-19 16:52:32,858 | INFO | Test 85 pass
2023-05-19 16:52:32,858 | INFO | Test 86 pass
2023-05-19 16:52:32,858 | INFO | Test 87 pass
2023-05-19 16:52:32,858 | INFO | Test 88 pass
2023-05-19 16:52:32,858 | INFO | Test 89 pass
2023-05-19 16:52:32,858 | INFO | Test 90 pass
2023-05-19 16:52:32,858 | INFO | Test 91 pass
2023-05-19 16:52:32,858 | INFO | Test 92 pass
2023-05-19 16:52:32,858 | INFO | Test 93 pass
2023-05-19 16:52:32,858 | INFO | Test 94 pass
2023-05-19 16:52:32,858 | INFO | Test 95 pass
2023-05-19 16:52:32,858 | INFO | Test 96 pass
2023-05-19 16:52:32,858 | INFO | Test 97 pass
2023-05-19 16:52:32,858 | INFO | Test 98 pass
2023-05-19 16:52:32,858 | INFO | Test 99 pass
